2878.408c: \SystemRoot\System32\ntdll.dll:
2878.408c:     CreationTime:    2024-11-16T18:52:31.769718400Z
2878.408c:     LastWriteTime:   2024-11-16T18:52:31.851304500Z
2878.408c:     ChangeTime:      2024-12-01T18:14:16.202905500Z
2878.408c:     FileAttributes:  0x20
2878.408c:     Size:            0x216098
2878.408c:     NT Headers:      0xe8
2878.408c:     Timestamp:       0x7b2ab261
2878.408c:     Machine:         0x8664 - amd64
2878.408c:     Timestamp:       0x7b2ab261
2878.408c:     Image Version:   10.0
2878.408c:     SizeOfImage:     0x217000 (2191360)
2878.408c:     Resource Dir:    0x1a0000 LB 0x759a8
2878.408c:     [Version info resource found at 0xd8! (ID/Name: 0x1; SubID/SubName: 0x409)]
2878.408c:     [Raw version resource data: 0x1a00f0 LB 0x380, codepage 0x0 (reserved 0x0)]
2878.408c:     ProductName:     Microsoft® Windows® Operating System
2878.408c:     ProductVersion:  10.0.22621.4391
2878.408c:     FileVersion:     10.0.22621.4391 (WinBuild.160101.0800)
2878.408c:     FileDescription: NT Layer DLL
2878.408c: \SystemRoot\System32\kernel32.dll:
2878.408c:     CreationTime:    2024-11-16T18:52:31.123532500Z
2878.408c:     LastWriteTime:   2024-11-16T18:52:31.155729800Z
2878.408c:     ChangeTime:      2024-12-01T18:14:12.747240300Z
2878.408c:     FileAttributes:  0x20
2878.408c:     Size:            0xc71e0
2878.408c:     NT Headers:      0xe8
2878.408c:     Timestamp:       0x1ef15383
2878.408c:     Machine:         0x8664 - amd64
2878.408c:     Timestamp:       0x1ef15383
2878.408c:     Image Version:   10.0
2878.408c:     SizeOfImage:     0xc4000 (802816)
2878.408c:     Resource Dir:    0xc2000 LB 0x520
2878.408c:     [Version info resource found at 0x90! (ID/Name: 0x1; SubID/SubName: 0x409)]
2878.408c:     [Raw version resource data: 0xc20b0 LB 0x3a4, codepage 0x0 (reserved 0x0)]
2878.408c:     ProductName:     Microsoft® Windows® Operating System
2878.408c:     ProductVersion:  10.0.22621.4391
2878.408c:     FileVersion:     10.0.22621.4391 (WinBuild.160101.0800)
2878.408c:     FileDescription: Windows NT BASE API Client DLL
2878.408c: \SystemRoot\System32\KernelBase.dll:
2878.408c:     CreationTime:    2024-11-16T18:52:33.512114800Z
2878.408c:     LastWriteTime:   2024-11-16T18:52:33.803554900Z
2878.408c:     ChangeTime:      2024-12-01T18:14:15.653427500Z
2878.408c:     FileAttributes:  0x20
2878.408c:     Size:            0x3bfbe8
2878.408c:     NT Headers:      0xf8
2878.408c:     Timestamp:       0x7433a115
2878.408c:     Machine:         0x8664 - amd64
2878.408c:     Timestamp:       0x7433a115
2878.408c:     Image Version:   10.0
2878.408c:     SizeOfImage:     0x3b9000 (3903488)
2878.408c:     Resource Dir:    0x388000 LB 0x548
2878.408c:     [Version info resource found at 0x90! (ID/Name: 0x1; SubID/SubName: 0x409)]
2878.408c:     [Raw version resource data: 0x3880b0 LB 0x3bc, codepage 0x0 (reserved 0x0)]
2878.408c:     ProductName:     Microsoft® Windows® Operating System
2878.408c:     ProductVersion:  10.0.22621.4391
2878.408c:     FileVersion:     10.0.22621.4391 (WinBuild.160101.0800)
2878.408c:     FileDescription: Windows NT BASE API Client DLL
2878.408c: \SystemRoot\System32\apisetschema.dll:
2878.408c:     CreationTime:    2024-08-14T14:44:14.132155700Z
2878.408c:     LastWriteTime:   2024-08-14T14:44:14.136949300Z
2878.408c:     ChangeTime:      2024-11-16T18:54:52.770120000Z
2878.408c:     FileAttributes:  0x20
2878.408c:     Size:            0x245e0
2878.408c:     NT Headers:      0xc8
2878.408c:     Timestamp:       0x8f476251
2878.408c:     Machine:         0x8664 - amd64
2878.408c:     Timestamp:       0x8f476251
2878.408c:     Image Version:   10.0
2878.408c:     SizeOfImage:     0x23000 (143360)
2878.408c:     Resource Dir:    0x22000 LB 0x408
2878.408c:     [Version info resource found at 0x48! (ID/Name: 0x1; SubID/SubName: 0x409)]
2878.408c:     [Raw version resource data: 0x22060 LB 0x3a8, codepage 0x0 (reserved 0x0)]
2878.408c:     ProductName:     Microsoft® Windows® Operating System
2878.408c:     ProductVersion:  10.0.22621.3958
2878.408c:     FileVersion:     10.0.22621.3958 (WinBuild.160101.0800)
2878.408c:     FileDescription: ApiSet Schema DLL
2878.408c: supR3HardenedWinFindAdversaries: 0x0
2878.408c: supR3HardenedWinInitAppBin(0x0): '\Device\HarddiskVolume5\Virtualbox'
2878.408c: Calling main()
2878.408c: SUPR3HardenedMain: pszProgName=VirtualBoxVM fFlags=0x2
2878.408c: supR3HardenedWinInitAppBin(0x2): '\Device\HarddiskVolume5\Virtualbox'
2878.408c: SUPR3HardenedMain: Respawn #1
2878.408c: System32:  \Device\HarddiskVolume3\Windows\System32
2878.408c: WinSxS:    \Device\HarddiskVolume3\Windows\WinSxS
2878.408c: KnownDllPath: C:\WINDOWS\System32
2878.408c: supR3HardenedWinInit: Performing a limited self purification...
2878.408c: supHardNtVpScanVirtualMemory: enmKind=SELF_PURIFICATION
2878.408c:  *0000000000000000-000000007ffdffff 0x0001/0x0000 0x0000000
2878.408c:  *000000007ffe0000-000000007ffe0fff 0x0002/0x0002 0x0020000
2878.408c:   000000007ffe1000-000000007ffe9fff 0x0001/0x0000 0x0000000
2878.408c:  *000000007ffea000-000000007ffeafff 0x0002/0x0002 0x0020000
2878.408c:   000000007ffeb000-0000009518ffffff 0x0001/0x0000 0x0000000
2878.408c:  *0000009519000000-0000009519148fff 0x0000/0x0004 0x0020000
2878.408c:   0000009519149000-000000951914bfff 0x0004/0x0004 0x0020000
2878.408c:   000000951914c000-00000095191fffff 0x0000/0x0004 0x0020000
2878.408c:  *0000009519200000-00000095192b8fff 0x0000/0x0004 0x0020000
2878.408c:   00000095192b9000-00000095192bbfff 0x0104/0x0004 0x0020000
2878.408c:   00000095192bc000-00000095192fffff 0x0004/0x0004 0x0020000
2878.408c:   0000009519300000-000001df662effff 0x0001/0x0000 0x0000000
2878.408c:  *000001df662f0000-000001df662fffff 0x0004/0x0004 0x0040000
2878.408c:  *000001df66300000-000001df66302fff 0x0002/0x0002 0x0040000
2878.408c:   000001df66303000-000001df6630ffff 0x0001/0x0000 0x0000000
2878.408c:  *000001df66310000-000001df6632efff 0x0002/0x0002 0x0040000
2878.408c:   000001df6632f000-000001df6632ffff 0x0001/0x0000 0x0000000
2878.408c:  *000001df66330000-000001df66333fff 0x0002/0x0002 0x0040000
2878.408c:   000001df66334000-000001df6633ffff 0x0001/0x0000 0x0000000
2878.408c:  *000001df66340000-000001df66340fff 0x0002/0x0002 0x0040000
2878.408c:   000001df66341000-000001df6634ffff 0x0001/0x0000 0x0000000
2878.408c:  *000001df66350000-000001df66351fff 0x0004/0x0004 0x0020000
2878.408c:   000001df66352000-000001df6635ffff 0x0001/0x0000 0x0000000
2878.408c:  *000001df66360000-000001df66362fff 0x0002/0x0002 0x0040000
2878.408c:   000001df66363000-000001df6636ffff 0x0001/0x0000 0x0000000
2878.408c:  *000001df66370000-000001df66371fff 0x0004/0x0004 0x0020000
2878.408c:   000001df66372000-000001df663d1fff 0x0000/0x0004 0x0020000
2878.408c:   000001df663d2000-000001df663dffff 0x0001/0x0000 0x0000000
2878.408c:  *000001df663e0000-000001df663e2fff 0x0002/0x0002 0x0040000
2878.408c:   000001df663e3000-000001df663effff 0x0001/0x0000 0x0000000
2878.408c:  *000001df663f0000-000001df663f2fff 0x0002/0x0002 0x0040000
2878.408c:   000001df663f3000-000001df663fffff 0x0001/0x0000 0x0000000
2878.408c:  *000001df66400000-000001df66400fff 0x0002/0x0002 0x0040000
2878.408c:   000001df66401000-000001df6640ffff 0x0001/0x0000 0x0000000
2878.408c:  *000001df66410000-000001df66420fff 0x0004/0x0004 0x0020000
2878.408c:   000001df66421000-000001df6650ffff 0x0000/0x0004 0x0020000
2878.408c:  *000001df66510000-000001df665ddfff 0x0002/0x0002 0x0040000
2878.408c:   000001df665de000-000001df665dffff 0x0001/0x0000 0x0000000
2878.408c:  *000001df665e0000-000001df665e1fff 0x0004/0x0004 0x0020000
2878.408c:   000001df665e2000-000001df66641fff 0x0000/0x0004 0x0020000
2878.408c:   000001df66642000-000001df6671ffff 0x0001/0x0000 0x0000000
2878.408c:  *000001df66720000-000001df6672efff 0x0004/0x0004 0x0020000
2878.408c:   000001df6672f000-000001df6672ffff 0x0000/0x0004 0x0020000
2878.408c:  *000001df66730000-000001df66735fff 0x0000/0x0004 0x0020000
2878.408c:   000001df66736000-000001df6694dfff 0x0004/0x0004 0x0020000
2878.408c:   000001df6694e000-000001df6694efff 0x0000/0x0004 0x0020000
2878.408c:   000001df6694f000-000001df6694ffff 0x0001/0x0000 0x0000000
2878.408c:  *000001df66950000-000001df66979fff 0x0004/0x0004 0x0020000
2878.408c:   000001df6697a000-000001df66a4ffff 0x0000/0x0004 0x0020000
2878.408c:   000001df66a50000-00007df4ad61ffff 0x0001/0x0000 0x0000000
2878.408c:  *00007df4ad620000-00007df4ad624fff 0x0002/0x0002 0x0040000
2878.408c:   00007df4ad625000-00007df4ad71ffff 0x0000/0x0002 0x0040000
2878.408c:  *00007df4ad720000-00007df5ad73ffff 0x0000/0x0004 0x0020000
2878.408c:  *00007df5ad740000-00007df5af73ffff 0x0000/0x0004 0x0020000
2878.408c:   00007df5af740000-00007df5af740fff 0x0004/0x0004 0x0020000
2878.408c:   00007df5af741000-00007df5af74ffff 0x0001/0x0000 0x0000000
2878.408c:  *00007df5af750000-00007df5af750fff 0x0002/0x0002 0x0040000
2878.408c:   00007df5af751000-00007df5af75ffff 0x0001/0x0000 0x0000000
2878.408c:  *00007df5af760000-00007df5b0cb8fff 0x0000/0x0001 0x0040000
2878.408c:   00007df5b0cb9000-00007df5b0cbdfff 0x0001/0x0001 0x0040000
2878.408c:   00007df5b0cbe000-00007df5b154ffff 0x0000/0x0001 0x0040000
2878.408c:   00007df5b1550000-00007df5b1550fff 0x0001/0x0001 0x0040000
2878.408c:   00007df5b1551000-00007ff58c02efff 0x0000/0x0001 0x0040000
2878.408c:   00007ff58c02f000-00007ff58c033fff 0x0002/0x0001 0x0040000
2878.408c:   00007ff58c034000-00007ff5a542efff 0x0000/0x0001 0x0040000
2878.408c:   00007ff5a542f000-00007ff5a81c6fff 0x0001/0x0001 0x0040000
2878.408c:   00007ff5a81c7000-00007ff5a81c9fff 0x0002/0x0001 0x0040000
2878.408c:   00007ff5a81ca000-00007ff5a83f0fff 0x0001/0x0001 0x0040000
2878.408c:   00007ff5a83f1000-00007ff5a83fffff 0x0002/0x0001 0x0040000
2878.408c:   00007ff5a8400000-00007ff5a8456fff 0x0001/0x0001 0x0040000
2878.408c:   00007ff5a8457000-00007ff5a845afff 0x0002/0x0001 0x0040000
2878.408c:   00007ff5a845b000-00007ff5a8497fff 0x0001/0x0001 0x0040000
2878.408c:   00007ff5a8498000-00007ff5a84a0fff 0x0002/0x0001 0x0040000
2878.408c:   00007ff5a84a1000-00007ff5af75ffff 0x0000/0x0001 0x0040000
2878.408c:   00007ff5af760000-00007ff7233bffff 0x0001/0x0000 0x0000000
2878.408c:  *00007ff7233c0000-00007ff7233c0fff 0x0002/0x0080 0x1000000  \Device\HarddiskVolume5\Virtualbox\VirtualBoxVM.exe
2878.408c:   00007ff7233c1000-00007ff72342bfff 0x0020/0x0080 0x1000000  \Device\HarddiskVolume5\Virtualbox\VirtualBoxVM.exe
2878.408c:   00007ff72342c000-00007ff72342cfff 0x0080/0x0080 0x1000000  \Device\HarddiskVolume5\Virtualbox\VirtualBoxVM.exe
2878.408c:   00007ff72342d000-00007ff723480fff 0x0002/0x0080 0x1000000  \Device\HarddiskVolume5\Virtualbox\VirtualBoxVM.exe
2878.408c:   00007ff723481000-00007ff723483fff 0x0004/0x0080 0x1000000  \Device\HarddiskVolume5\Virtualbox\VirtualBoxVM.exe
2878.408c:   00007ff723484000-00007ff723486fff 0x0008/0x0080 0x1000000  \Device\HarddiskVolume5\Virtualbox\VirtualBoxVM.exe
2878.408c:   00007ff723487000-00007ff723489fff 0x0004/0x0080 0x1000000  \Device\HarddiskVolume5\Virtualbox\VirtualBoxVM.exe
2878.408c:   00007ff72348a000-00007ff72348afff 0x0008/0x0080 0x1000000  \Device\HarddiskVolume5\Virtualbox\VirtualBoxVM.exe
2878.408c:   00007ff72348b000-00007ff72348cfff 0x0004/0x0080 0x1000000  \Device\HarddiskVolume5\Virtualbox\VirtualBoxVM.exe
2878.408c:   00007ff72348d000-00007ff72348dfff 0x0008/0x0080 0x1000000  \Device\HarddiskVolume5\Virtualbox\VirtualBoxVM.exe
2878.408c:   00007ff72348e000-00007ff7234c7fff 0x0002/0x0080 0x1000000  \Device\HarddiskVolume5\Virtualbox\VirtualBoxVM.exe
2878.408c:   00007ff7234c8000-00007ffe299bffff 0x0001/0x0000 0x0000000
2878.408c:  *00007ffe299c0000-00007ffe299c0fff 0x0002/0x0080 0x1000000  \Device\HarddiskVolume3\Windows\System32\apphelp.dll
2878.408c:   00007ffe299c1000-00007ffe29a12fff 0x0020/0x0080 0x1000000  \Device\HarddiskVolume3\Windows\System32\apphelp.dll
2878.408c:   00007ffe29a13000-00007ffe29a36fff 0x0002/0x0080 0x1000000  \Device\HarddiskVolume3\Windows\System32\apphelp.dll
2878.408c:   00007ffe29a37000-00007ffe29a39fff 0x0004/0x0080 0x1000000  \Device\HarddiskVolume3\Windows\System32\apphelp.dll
2878.408c:   00007ffe29a3a000-00007ffe29a56fff 0x0002/0x0080 0x1000000  \Device\HarddiskVolume3\Windows\System32\apphelp.dll
2878.408c:   00007ffe29a57000-00007ffe3243ffff 0x0001/0x0000 0x0000000
2878.408c:  *00007ffe32440000-00007ffe32440fff 0x0002/0x0080 0x1000000  \Device\HarddiskVolume3\Windows\System32\KernelBase.dll
2878.408c:   00007ffe32441000-00007ffe325dffff 0x0020/0x0080 0x1000000  \Device\HarddiskVolume3\Windows\System32\KernelBase.dll
2878.408c:   00007ffe325e0000-00007ffe327a6fff 0x0002/0x0080 0x1000000  \Device\HarddiskVolume3\Windows\System32\KernelBase.dll
2878.408c:   00007ffe327a7000-00007ffe327abfff 0x0004/0x0080 0x1000000  \Device\HarddiskVolume3\Windows\System32\KernelBase.dll
2878.408c:   00007ffe327ac000-00007ffe327acfff 0x0008/0x0080 0x1000000  \Device\HarddiskVolume3\Windows\System32\KernelBase.dll
2878.408c:   00007ffe327ad000-00007ffe327f8fff 0x0002/0x0080 0x1000000  \Device\HarddiskVolume3\Windows\System32\KernelBase.dll
2878.408c:   00007ffe327f9000-00007ffe33ddffff 0x0001/0x0000 0x0000000
2878.408c:  *00007ffe33de0000-00007ffe33de0fff 0x0002/0x0080 0x1000000  \Device\HarddiskVolume3\Windows\System32\kernel32.dll
2878.408c:   00007ffe33de1000-00007ffe33e61fff 0x0020/0x0080 0x1000000  \Device\HarddiskVolume3\Windows\System32\kernel32.dll
2878.408c:   00007ffe33e62000-00007ffe33e98fff 0x0002/0x0080 0x1000000  \Device\HarddiskVolume3\Windows\System32\kernel32.dll
2878.408c:   00007ffe33e99000-00007ffe33e99fff 0x0004/0x0080 0x1000000  \Device\HarddiskVolume3\Windows\System32\kernel32.dll
2878.408c:   00007ffe33e9a000-00007ffe33e9afff 0x0008/0x0080 0x1000000  \Device\HarddiskVolume3\Windows\System32\kernel32.dll
2878.408c:   00007ffe33e9b000-00007ffe33ea3fff 0x0002/0x0080 0x1000000  \Device\HarddiskVolume3\Windows\System32\kernel32.dll
2878.408c:   00007ffe33ea4000-00007ffe34e0ffff 0x0001/0x0000 0x0000000
2878.408c:  *00007ffe34e10000-00007ffe34e10fff 0x0002/0x0080 0x1000000  \Device\HarddiskVolume3\Windows\System32\ntdll.dll
2878.408c:   00007ffe34e11000-00007ffe34f41fff 0x0020/0x0080 0x1000000  \Device\HarddiskVolume3\Windows\System32\ntdll.dll
2878.408c:   00007ffe34f42000-00007ffe34f8ffff 0x0002/0x0080 0x1000000  \Device\HarddiskVolume3\Windows\System32\ntdll.dll
2878.408c:   00007ffe34f90000-00007ffe34f90fff 0x0004/0x0080 0x1000000  \Device\HarddiskVolume3\Windows\System32\ntdll.dll
2878.408c:   00007ffe34f91000-00007ffe34f92fff 0x0008/0x0080 0x1000000  \Device\HarddiskVolume3\Windows\System32\ntdll.dll
2878.408c:   00007ffe34f93000-00007ffe34f9bfff 0x0004/0x0080 0x1000000  \Device\HarddiskVolume3\Windows\System32\ntdll.dll
2878.408c:   00007ffe34f9c000-00007ffe35026fff 0x0002/0x0080 0x1000000  \Device\HarddiskVolume3\Windows\System32\ntdll.dll
2878.408c:   00007ffe35027000-00007ffffffeffff 0x0001/0x0000 0x0000000
2878.408c: kernel32.dll: timestamp 0x1ef15383 (rc=VINF_SUCCESS)
2878.408c: kernelbase.dll: timestamp 0x7433a115 (rc=VINF_SUCCESS)
2878.408c: apphelp.dll: timestamp 0x527098e3 (rc=VINF_SUCCESS)
2878.408c: VirtualBoxVM.exe: timestamp 0x670807b4 (rc=VINF_SUCCESS)
2878.408c: '\Device\HarddiskVolume5\Virtualbox\VirtualBoxVM.exe' has no imports
2878.408c: VirtualBoxVM.exe: Differences in section #7 (.00cfg) between file and memory:
2878.408c:   00007ff723495000 / 0x00d5000: 10 != 20
2878.408c:   00007ff723495001 / 0x00d5001: e5 != f1
2878.408c:   00007ff723495002 / 0x00d5002: 3d != e9
2878.408c:   00007ff723495003 / 0x00d5003: 23 != 34
2878.408c:   00007ff723495004 / 0x00d5004: f7 != fe
2878.408c:   00007ff723495008 / 0x00d5008: 10 != 20
2878.408c:   00007ff723495009 / 0x00d5009: e5 != f1
2878.408c:   00007ff72349500a / 0x00d500a: 3d != e9
2878.408c:   00007ff72349500b / 0x00d500b: 23 != 34
2878.408c:   00007ff72349500c / 0x00d500c: f7 != fe
2878.408c:   00007ff723495010 / 0x00d5010: 00 != 60
2878.408c:   00007ff723495011 / 0x00d5011: b3 != f2
2878.408c:   00007ff723495012 / 0x00d5012: 42 != e9
2878.408c:   00007ff723495013 / 0x00d5013: 23 != 34
2878.408c:   00007ff723495014 / 0x00d5014: f7 != fe
2878.408c:   00007ff723495018 / 0x00d5018: 20 != 60
2878.408c:   00007ff723495019 / 0x00d5019: b3 != f2
2878.408c:   00007ff72349501a / 0x00d501a: 42 != e9
2878.408c:   00007ff72349501b / 0x00d501b: 23 != 34
2878.408c:   00007ff72349501c / 0x00d501c: f7 != fe
2878.408c:   00007ff723495020 / 0x00d5020: 20 != 60
2878.408c:   00007ff723495021 / 0x00d5021: b3 != f2
2878.408c:   00007ff723495022 / 0x00d5022: 42 != e9
2878.408c:   00007ff723495023 / 0x00d5023: 23 != 34
2878.408c:   00007ff723495024 / 0x00d5024: f7 != fe
2878.408c:   Restored 0x28 bytes of original file content at 00007ff723495000
2878.408c: VirtualBoxVM.exe: Differences in section #8 (.rsrc) between file and memory:
2878.408c:   00007ff7234c6b28 / 0x0106b28: 00 != 50
2878.408c:   00007ff7234c6b29 / 0x0106b29: 00 != 41
2878.408c:   00007ff7234c6b2a / 0x0106b2a: 00 != 44
2878.408c:   00007ff7234c6b2b / 0x0106b2b: 00 != 44
2878.408c:   00007ff7234c6b2c / 0x0106b2c: 00 != 49
2878.408c:   00007ff7234c6b2d / 0x0106b2d: 00 != 4e
2878.408c:   00007ff7234c6b2e / 0x0106b2e: 00 != 47
2878.408c:   00007ff7234c6b2f / 0x0106b2f: 00 != 58
2878.408c:   00007ff7234c6b30 / 0x0106b30: 00 != 58
2878.408c:   00007ff7234c6b31 / 0x0106b31: 00 != 50
2878.408c:   00007ff7234c6b32 / 0x0106b32: 00 != 41
2878.408c:   00007ff7234c6b33 / 0x0106b33: 00 != 44
2878.408c:   00007ff7234c6b34 / 0x0106b34: 00 != 44
2878.408c:   00007ff7234c6b35 / 0x0106b35: 00 != 49
2878.408c:   00007ff7234c6b36 / 0x0106b36: 00 != 4e
2878.408c:   00007ff7234c6b37 / 0x0106b37: 00 != 47
2878.408c:   00007ff7234c6b38 / 0x0106b38: 00 != 50
2878.408c:   00007ff7234c6b39 / 0x0106b39: 00 != 41
2878.408c:   00007ff7234c6b3a / 0x0106b3a: 00 != 44
2878.408c:   00007ff7234c6b3b / 0x0106b3b: 00 != 44
2878.408c:   00007ff7234c6b3c / 0x0106b3c: 00 != 49
2878.408c:   00007ff7234c6b3d / 0x0106b3d: 00 != 4e
2878.408c:   00007ff7234c6b3e / 0x0106b3e: 00 != 47
2878.408c:   00007ff7234c6b3f / 0x0106b3f: 00 != 58
2878.408c:   00007ff7234c6b40 / 0x0106b40: 00 != 58
2878.408c:   00007ff7234c6b41 / 0x0106b41: 00 != 50
2878.408c:   00007ff7234c6b42 / 0x0106b42: 00 != 41
2878.408c:   00007ff7234c6b43 / 0x0106b43: 00 != 44
2878.408c:   00007ff7234c6b44 / 0x0106b44: 00 != 44
2878.408c:   00007ff7234c6b45 / 0x0106b45: 00 != 49
2878.408c:   00007ff7234c6b46 / 0x0106b46: 00 != 4e
2878.408c:   00007ff7234c6b47 / 0x0106b47: 00 != 47
2878.408c:   00007ff7234c6b48 / 0x0106b48: 00 != 50
2878.408c:   00007ff7234c6b49 / 0x0106b49: 00 != 41
2878.408c:   00007ff7234c6b4a / 0x0106b4a: 00 != 44
2878.408c:   00007ff7234c6b4b / 0x0106b4b: 00 != 44
2878.408c:   00007ff7234c6b4c / 0x0106b4c: 00 != 49
2878.408c:   00007ff7234c6b4d / 0x0106b4d: 00 != 4e
2878.408c:   00007ff7234c6b4e / 0x0106b4e: 00 != 47
2878.408c:   00007ff7234c6b4f / 0x0106b4f: 00 != 58
2878.408c:   00007ff7234c6b50 / 0x0106b50: 00 != 58
2878.408c:   00007ff7234c6b51 / 0x0106b51: 00 != 50
2878.408c:   00007ff7234c6b52 / 0x0106b52: 00 != 41
2878.408c:   00007ff7234c6b53 / 0x0106b53: 00 != 44
2878.408c:   00007ff7234c6b54 / 0x0106b54: 00 != 44
2878.408c:   00007ff7234c6b55 / 0x0106b55: 00 != 49
2878.408c:   00007ff7234c6b56 / 0x0106b56: 00 != 4e
2878.408c:   00007ff7234c6b57 / 0x0106b57: 00 != 47
2878.408c:   00007ff7234c6b58 / 0x0106b58: 00 != 50
2878.408c:   00007ff7234c6b59 / 0x0106b59: 00 != 41
2878.408c:   00007ff7234c6b5a / 0x0106b5a: 00 != 44
2878.408c:   00007ff7234c6b5b / 0x0106b5b: 00 != 44
2878.408c:   00007ff7234c6b5c / 0x0106b5c: 00 != 49
2878.408c:   00007ff7234c6b5d / 0x0106b5d: 00 != 4e
2878.408c:   00007ff7234c6b5e / 0x0106b5e: 00 != 47
2878.408c:   00007ff7234c6b5f / 0x0106b5f: 00 != 58
2878.408c:   00007ff7234c6b60 / 0x0106b60: 00 != 58
2878.408c:   00007ff7234c6b61 / 0x0106b61: 00 != 50
2878.408c:   00007ff7234c6b62 / 0x0106b62: 00 != 41
2878.408c:   00007ff7234c6b63 / 0x0106b63: 00 != 44
2878.408c:   00007ff7234c6b64 / 0x0106b64: 00 != 44
2878.408c:   00007ff7234c6b65 / 0x0106b65: 00 != 49
2878.408c:   00007ff7234c6b66 / 0x0106b66: 00 != 4e
2878.408c:   00007ff7234c6b67 / 0x0106b67: 00 != 47
2878.408c:   00007ff7234c6b68 / 0x0106b68: 00 != 50
2878.408c:   00007ff7234c6b69 / 0x0106b69: 00 != 41
2878.408c:   00007ff7234c6b6a / 0x0106b6a: 00 != 44
2878.408c:   00007ff7234c6b6b / 0x0106b6b: 00 != 44
2878.408c:   00007ff7234c6b6c / 0x0106b6c: 00 != 49
2878.408c:   00007ff7234c6b6d / 0x0106b6d: 00 != 4e
2878.408c:   00007ff7234c6b6e / 0x0106b6e: 00 != 47
2878.408c:   00007ff7234c6b6f / 0x0106b6f: 00 != 58
2878.408c:   00007ff7234c6b70 / 0x0106b70: 00 != 58
2878.408c:   00007ff7234c6b71 / 0x0106b71: 00 != 50
2878.408c:   00007ff7234c6b72 / 0x0106b72: 00 != 41
2878.408c:   00007ff7234c6b73 / 0x0106b73: 00 != 44
2878.408c:   00007ff7234c6b74 / 0x0106b74: 00 != 44
2878.408c:   00007ff7234c6b75 / 0x0106b75: 00 != 49
2878.408c:   00007ff7234c6b76 / 0x0106b76: 00 != 4e
2878.408c:   00007ff7234c6b77 / 0x0106b77: 00 != 47
2878.408c:   00007ff7234c6b78 / 0x0106b78: 00 != 50
2878.408c:   00007ff7234c6b79 / 0x0106b79: 00 != 41
2878.408c:   00007ff7234c6b7a / 0x0106b7a: 00 != 44
2878.408c:   00007ff7234c6b7b / 0x0106b7b: 00 != 44
2878.408c:   00007ff7234c6b7c / 0x0106b7c: 00 != 49
2878.408c:   00007ff7234c6b7d / 0x0106b7d: 00 != 4e
2878.408c:   00007ff7234c6b7e / 0x0106b7e: 00 != 47
2878.408c:   00007ff7234c6b7f / 0x0106b7f: 00 != 58
2878.408c:   00007ff7234c6b80 / 0x0106b80: 00 != 58
2878.408c:   00007ff7234c6b81 / 0x0106b81: 00 != 50
2878.408c:   00007ff7234c6b82 / 0x0106b82: 00 != 41
2878.408c:   00007ff7234c6b83 / 0x0106b83: 00 != 44
2878.408c:   00007ff7234c6b84 / 0x0106b84: 00 != 44
2878.408c:   00007ff7234c6b85 / 0x0106b85: 00 != 49
2878.408c:   00007ff7234c6b86 / 0x0106b86: 00 != 4e
2878.408c:   00007ff7234c6b87 / 0x0106b87: 00 != 47
2878.408c:   00007ff7234c6b88 / 0x0106b88: 00 != 50
2878.408c:   00007ff7234c6b89 / 0x0106b89: 00 != 41
2878.408c:   00007ff7234c6b8a / 0x0106b8a: 00 != 44
2878.408c:   00007ff7234c6b8b / 0x0106b8b: 00 != 44
2878.408c:   00007ff7234c6b8c / 0x0106b8c: 00 != 49
2878.408c:   00007ff7234c6b8d / 0x0106b8d: 00 != 4e
2878.408c:   00007ff7234c6b8e / 0x0106b8e: 00 != 47
2878.408c:   00007ff7234c6b8f / 0x0106b8f: 00 != 58
2878.408c:   00007ff7234c6b90 / 0x0106b90: 00 != 58
2878.408c:   00007ff7234c6b91 / 0x0106b91: 00 != 50
2878.408c:   00007ff7234c6b92 / 0x0106b92: 00 != 41
2878.408c:   00007ff7234c6b93 / 0x0106b93: 00 != 44
2878.408c:   00007ff7234c6b94 / 0x0106b94: 00 != 44
2878.408c:   00007ff7234c6b95 / 0x0106b95: 00 != 49
2878.408c:   00007ff7234c6b96 / 0x0106b96: 00 != 4e
2878.408c:   00007ff7234c6b97 / 0x0106b97: 00 != 47
2878.408c:   00007ff7234c6b98 / 0x0106b98: 00 != 50
2878.408c:   00007ff7234c6b99 / 0x0106b99: 00 != 41
2878.408c:   00007ff7234c6b9a / 0x0106b9a: 00 != 44
2878.408c:   00007ff7234c6b9b / 0x0106b9b: 00 != 44
2878.408c:   00007ff7234c6b9c / 0x0106b9c: 00 != 49
2878.408c:   00007ff7234c6b9d / 0x0106b9d: 00 != 4e
2878.408c:   00007ff7234c6b9e / 0x0106b9e: 00 != 47
2878.408c:   00007ff7234c6b9f / 0x0106b9f: 00 != 58
2878.408c:   00007ff7234c6ba0 / 0x0106ba0: 00 != 58
2878.408c:   00007ff7234c6ba1 / 0x0106ba1: 00 != 50
2878.408c:   00007ff7234c6ba2 / 0x0106ba2: 00 != 41
2878.408c:   00007ff7234c6ba3 / 0x0106ba3: 00 != 44
2878.408c:   00007ff7234c6ba4 / 0x0106ba4: 00 != 44
2878.408c:   00007ff7234c6ba5 / 0x0106ba5: 00 != 49
2878.408c:   00007ff7234c6ba6 / 0x0106ba6: 00 != 4e
2878.408c:   00007ff7234c6ba7 / 0x0106ba7: 00 != 47
2878.408c:   00007ff7234c6ba8 / 0x0106ba8: 00 != 50
2878.408c:   00007ff7234c6ba9 / 0x0106ba9: 00 != 41
2878.408c:   00007ff7234c6baa / 0x0106baa: 00 != 44
2878.408c:   00007ff7234c6bab / 0x0106bab: 00 != 44
2878.408c:   00007ff7234c6bac / 0x0106bac: 00 != 49
2878.408c:   00007ff7234c6bad / 0x0106bad: 00 != 4e
2878.408c:   00007ff7234c6bae / 0x0106bae: 00 != 47
2878.408c:   00007ff7234c6baf / 0x0106baf: 00 != 58
2878.408c:   00007ff7234c6bb0 / 0x0106bb0: 00 != 58
2878.408c:   00007ff7234c6bb1 / 0x0106bb1: 00 != 50
2878.408c:   00007ff7234c6bb2 / 0x0106bb2: 00 != 41
2878.408c:   00007ff7234c6bb3 / 0x0106bb3: 00 != 44
2878.408c:   00007ff7234c6bb4 / 0x0106bb4: 00 != 44
2878.408c:   00007ff7234c6bb5 / 0x0106bb5: 00 != 49
2878.408c:   00007ff7234c6bb6 / 0x0106bb6: 00 != 4e
2878.408c:   00007ff7234c6bb7 / 0x0106bb7: 00 != 47
2878.408c:   00007ff7234c6bb8 / 0x0106bb8: 00 != 50
2878.408c:   00007ff7234c6bb9 / 0x0106bb9: 00 != 41
2878.408c:   00007ff7234c6bba / 0x0106bba: 00 != 44
2878.408c:   00007ff7234c6bbb / 0x0106bbb: 00 != 44
2878.408c:   00007ff7234c6bbc / 0x0106bbc: 00 != 49
2878.408c:   00007ff7234c6bbd / 0x0106bbd: 00 != 4e
2878.408c:   00007ff7234c6bbe / 0x0106bbe: 00 != 47
2878.408c:   00007ff7234c6bbf / 0x0106bbf: 00 != 58
2878.408c:   00007ff7234c6bc0 / 0x0106bc0: 00 != 58
2878.408c:   00007ff7234c6bc1 / 0x0106bc1: 00 != 50
2878.408c:   00007ff7234c6bc2 / 0x0106bc2: 00 != 41
2878.408c:   00007ff7234c6bc3 / 0x0106bc3: 00 != 44
2878.408c:   00007ff7234c6bc4 / 0x0106bc4: 00 != 44
2878.408c:   00007ff7234c6bc5 / 0x0106bc5: 00 != 49
2878.408c:   00007ff7234c6bc6 / 0x0106bc6: 00 != 4e
2878.408c:   00007ff7234c6bc7 / 0x0106bc7: 00 != 47
2878.408c:   00007ff7234c6bc8 / 0x0106bc8: 00 != 50
2878.408c:   00007ff7234c6bc9 / 0x0106bc9: 00 != 41
2878.408c:   00007ff7234c6bca / 0x0106bca: 00 != 44
2878.408c:   00007ff7234c6bcb / 0x0106bcb: 00 != 44
2878.408c:   00007ff7234c6bcc / 0x0106bcc: 00 != 49
2878.408c:   00007ff7234c6bcd / 0x0106bcd: 00 != 4e
2878.408c:   00007ff7234c6bce / 0x0106bce: 00 != 47
2878.408c:   00007ff7234c6bcf / 0x0106bcf: 00 != 58
2878.408c:   00007ff7234c6bd0 / 0x0106bd0: 00 != 58
2878.408c:   00007ff7234c6bd1 / 0x0106bd1: 00 != 50
2878.408c:   00007ff7234c6bd2 / 0x0106bd2: 00 != 41
2878.408c:   00007ff7234c6bd3 / 0x0106bd3: 00 != 44
2878.408c:   00007ff7234c6bd4 / 0x0106bd4: 00 != 44
2878.408c:   00007ff7234c6bd5 / 0x0106bd5: 00 != 49
2878.408c:   00007ff7234c6bd6 / 0x0106bd6: 00 != 4e
2878.408c:   00007ff7234c6bd7 / 0x0106bd7: 00 != 47
2878.408c:   00007ff7234c6bd8 / 0x0106bd8: 00 != 50
2878.408c:   00007ff7234c6bd9 / 0x0106bd9: 00 != 41
2878.408c:   00007ff7234c6bda / 0x0106bda: 00 != 44
2878.408c:   00007ff7234c6bdb / 0x0106bdb: 00 != 44
2878.408c:   00007ff7234c6bdc / 0x0106bdc: 00 != 49
2878.408c:   00007ff7234c6bdd / 0x0106bdd: 00 != 4e
2878.408c:   00007ff7234c6bde / 0x0106bde: 00 != 47
2878.408c:   00007ff7234c6bdf / 0x0106bdf: 00 != 58
2878.408c:   00007ff7234c6be0 / 0x0106be0: 00 != 58
2878.408c:   00007ff7234c6be1 / 0x0106be1: 00 != 50
2878.408c:   00007ff7234c6be2 / 0x0106be2: 00 != 41
2878.408c:   00007ff7234c6be3 / 0x0106be3: 00 != 44
2878.408c:   00007ff7234c6be4 / 0x0106be4: 00 != 44
2878.408c:   00007ff7234c6be5 / 0x0106be5: 00 != 49
2878.408c:   00007ff7234c6be6 / 0x0106be6: 00 != 4e
2878.408c:   00007ff7234c6be7 / 0x0106be7: 00 != 47
2878.408c:   00007ff7234c6be8 / 0x0106be8: 00 != 50
2878.408c:   00007ff7234c6be9 / 0x0106be9: 00 != 41
2878.408c:   00007ff7234c6bea / 0x0106bea: 00 != 44
2878.408c:   00007ff7234c6beb / 0x0106beb: 00 != 44
2878.408c:   00007ff7234c6bec / 0x0106bec: 00 != 49
2878.408c:   00007ff7234c6bed / 0x0106bed: 00 != 4e
2878.408c:   00007ff7234c6bee / 0x0106bee: 00 != 47
2878.408c:   00007ff7234c6bef / 0x0106bef: 00 != 58
2878.408c:   00007ff7234c6bf0 / 0x0106bf0: 00 != 58
2878.408c:   00007ff7234c6bf1 / 0x0106bf1: 00 != 50
2878.408c:   00007ff7234c6bf2 / 0x0106bf2: 00 != 41
2878.408c:   00007ff7234c6bf3 / 0x0106bf3: 00 != 44
2878.408c:   00007ff7234c6bf4 / 0x0106bf4: 00 != 44
2878.408c:   00007ff7234c6bf5 / 0x0106bf5: 00 != 49
2878.408c:   00007ff7234c6bf6 / 0x0106bf6: 00 != 4e
2878.408c:   00007ff7234c6bf7 / 0x0106bf7: 00 != 47
2878.408c:   00007ff7234c6bf8 / 0x0106bf8: 00 != 50
2878.408c:   00007ff7234c6bf9 / 0x0106bf9: 00 != 41
2878.408c:   00007ff7234c6bfa / 0x0106bfa: 00 != 44
2878.408c:   00007ff7234c6bfb / 0x0106bfb: 00 != 44
2878.408c:   00007ff7234c6bfc / 0x0106bfc: 00 != 49
2878.408c:   00007ff7234c6bfd / 0x0106bfd: 00 != 4e
2878.408c:   00007ff7234c6bfe / 0x0106bfe: 00 != 47
2878.408c:   00007ff7234c6bff / 0x0106bff: 00 != 58
2878.408c:   Restored 0x4d8 bytes of original file content at 00007ff7234c6b28
2878.408c: '\Device\HarddiskVolume3\Windows\System32\ntdll.dll' has no imports
2878.408c: ntdll.dll: Differences in section #9 (.00cfg) between file and memory:
2878.408c:   00007ffe34faf000 / 0x019f000: 80 != 60
2878.408c:   00007ffe34faf001 / 0x019f001: 3e != f2
2878.408c:   00007ffe34faf002 / 0x019f002: eb != e9
2878.408c:   00007ffe34faf008 / 0x019f008: 10 != 20
2878.408c:   00007ffe34faf009 / 0x019f009: f0 != f1
2878.408c:   00007ffe34faf010 / 0x019f010: a0 != 60
2878.408c:   00007ffe34faf011 / 0x019f011: 3e != f2
2878.408c:   00007ffe34faf012 / 0x019f012: eb != e9
2878.408c:   00007ffe34faf018 / 0x019f018: a0 != 60
2878.408c:   00007ffe34faf019 / 0x019f019: 3e != f2
2878.408c:   00007ffe34faf01a / 0x019f01a: eb != e9
2878.408c:   Restored 0x28 bytes of original file content at 00007ffe34faf000
2878.408c: kernel32.dll: Differences in section #2 (.rdata) between file and memory:
2878.408c:   00007ffe33e65bd0 / 0x0085bd0: b0 != 10
2878.408c:   00007ffe33e65bd1 / 0x0085bd1: 0d != 85
2878.408c:   00007ffe33e65bd2 / 0x0085bd2: eb != a0
2878.408c:   00007ffe33e65bd3 / 0x0085bd3: 34 != 29
2878.408c:   00007ffe33e65fe0 / 0x0085fe0: a0 != c0
2878.408c:   00007ffe33e65fe1 / 0x0085fe1: 06 != 7b
2878.408c:   00007ffe33e65fe2 / 0x0085fe2: eb != 9d
2878.408c:   00007ffe33e65fe3 / 0x0085fe3: 34 != 29
2878.408c:   Restored 0x2000 bytes of original file content at 00007ffe33e64000
2878.408c: kernel32.dll: Differences in section #2 (.rdata) between file and memory:
2878.408c:   00007ffe33e66170 / 0x0086170: 60 != 20
2878.408c:   00007ffe33e66171 / 0x0086171: 0c != 83
2878.408c:   00007ffe33e66172 / 0x0086172: eb != a0
2878.408c:   00007ffe33e66173 / 0x0086173: 34 != 29
2878.408c:   00007ffe33e66558 / 0x0086558: 60 != 20
2878.408c:   00007ffe33e66559 / 0x0086559: 0c != 83
2878.408c:   00007ffe33e6655a / 0x008655a: eb != a0
2878.408c:   00007ffe33e6655b / 0x008655b: 34 != 29
2878.408c:   00007ffe33e666b8 / 0x00866b8: 10 != 20
2878.408c:   00007ffe33e666b9 / 0x00866b9: 01 != f1
2878.408c:   00007ffe33e666ba / 0x00866ba: e0 != e9
2878.408c:   00007ffe33e666bb / 0x00866bb: 33 != 34
2878.408c:   00007ffe33e666c0 / 0x00866c0: e0 != 60
2878.408c:   00007ffe33e666c1 / 0x00866c1: 46 != f2
2878.408c:   00007ffe33e666c2 / 0x00866c2: e0 != e9
2878.408c:   00007ffe33e666c3 / 0x00866c3: 33 != 34
2878.408c:   00007ffe33e666c8 / 0x00866c8: 10 != 20
2878.408c:   00007ffe33e666c9 / 0x00866c9: 01 != f1
2878.408c:   00007ffe33e666ca / 0x00866ca: e0 != e9
2878.408c:   00007ffe33e666cb / 0x00866cb: 33 != 34
2878.408c:   00007ffe33e666d0 / 0x00866d0: 00 != 60
2878.408c:   00007ffe33e666d1 / 0x00866d1: 47 != f2
2878.408c:   00007ffe33e666d2 / 0x00866d2: e0 != e9
2878.408c:   00007ffe33e666d3 / 0x00866d3: 33 != 34
2878.408c:   00007ffe33e666d8 / 0x00866d8: 00 != 60
2878.408c:   00007ffe33e666d9 / 0x00866d9: 47 != f2
2878.408c:   00007ffe33e666da / 0x00866da: e0 != e9
2878.408c:   00007ffe33e666db / 0x00866db: 33 != 34
2878.408c:   Restored 0x2000 bytes of original file content at 00007ffe33e66000
2878.408c: kernelbase.dll: Differences in section #2 (.rdata) between file and memory:
2878.408c:   00007ffe326af828 / 0x026f828: a0 != c0
2878.408c:   00007ffe326af829 / 0x026f829: 06 != 7b
2878.408c:   00007ffe326af82a / 0x026f82a: eb != 9d
2878.408c:   00007ffe326af82b / 0x026f82b: 34 != 29
2878.408c:   00007ffe326af868 / 0x026f868: 60 != 20
2878.408c:   00007ffe326af869 / 0x026f869: 0c != 83
2878.408c:   00007ffe326af86a / 0x026f86a: eb != a0
2878.408c:   00007ffe326af86b / 0x026f86b: 34 != 29
2878.408c:   00007ffe326af9a0 / 0x026f9a0: b0 != 10
2878.408c:   00007ffe326af9a1 / 0x026f9a1: 0d != 85
2878.408c:   00007ffe326af9a2 / 0x026f9a2: eb != a0
2878.408c:   00007ffe326af9a3 / 0x026f9a3: 34 != 29
2878.408c:   Restored 0x2000 bytes of original file content at 00007ffe326ae000
2878.408c: kernelbase.dll: Differences in section #2 (.rdata) between file and memory:
2878.408c:   00007ffe326b0198 / 0x0270198: b0 != 10
2878.408c:   00007ffe326b0199 / 0x0270199: 0d != 85
2878.408c:   00007ffe326b019a / 0x027019a: eb != a0
2878.408c:   00007ffe326b019b / 0x027019b: 34 != 29
2878.408c:   00007ffe326b0dc0 / 0x0270dc0: 00 != 20
2878.408c:   00007ffe326b0dc1 / 0x0270dc1: d1 != f1
2878.408c:   00007ffe326b0dc2 / 0x0270dc2: 51 != e9
2878.408c:   00007ffe326b0dc3 / 0x0270dc3: 32 != 34
2878.408c:   00007ffe326b0dc8 / 0x0270dc8: b0 != 60
2878.408c:   00007ffe326b0dc9 / 0x0270dc9: d4 != f2
2878.408c:   00007ffe326b0dca / 0x0270dca: 51 != e9
2878.408c:   00007ffe326b0dcb / 0x0270dcb: 32 != 34
2878.408c:   00007ffe326b0dd0 / 0x0270dd0: 00 != 20
2878.408c:   00007ffe326b0dd1 / 0x0270dd1: d1 != f1
2878.408c:   00007ffe326b0dd2 / 0x0270dd2: 51 != e9
2878.408c:   00007ffe326b0dd3 / 0x0270dd3: 32 != 34
2878.408c:   00007ffe326b0dd8 / 0x0270dd8: d0 != 60
2878.408c:   00007ffe326b0dd9 / 0x0270dd9: d4 != f2
2878.408c:   00007ffe326b0dda / 0x0270dda: 51 != e9
2878.408c:   00007ffe326b0ddb / 0x0270ddb: 32 != 34
2878.408c:   00007ffe326b0de0 / 0x0270de0: d0 != 60
2878.408c:   00007ffe326b0de1 / 0x0270de1: d4 != f2
2878.408c:   00007ffe326b0de2 / 0x0270de2: 51 != e9
2878.408c:   00007ffe326b0de3 / 0x0270de3: 32 != 34
2878.408c:   Restored 0x2000 bytes of original file content at 00007ffe326b0000
2878.408c: apphelp.dll: Differences in section #2 (.rdata) between file and memory:
2878.408c:   00007ffe29a15290 / 0x0055290: d0 != 00
2878.408c:   00007ffe29a15291 / 0x0055291: 6d != 03
2878.408c:   00007ffe29a15292 / 0x0055292: 4a != e0
2878.408c:   00007ffe29a15293 / 0x0055293: 32 != 33
2878.408c:   00007ffe29a15298 / 0x0055298: a0 != c0
2878.408c:   00007ffe29a15299 / 0x0055299: e5 != 61
2878.408c:   00007ffe29a1529a / 0x005529a: 4b != df
2878.408c:   00007ffe29a1529b / 0x005529b: 32 != 33
2878.408c:   00007ffe29a152a0 / 0x00552a0: 40 != 10
2878.408c:   00007ffe29a152a1 / 0x00552a1: 37 != 03
2878.408c:   00007ffe29a152a2 / 0x00552a2: 48 != e0
2878.408c:   00007ffe29a152a3 / 0x00552a3: 32 != 33
2878.408c:   00007ffe29a152a8 / 0x00552a8: f0 != 20
2878.408c:   00007ffe29a152a9 / 0x00552a9: 97 != 45
2878.408c:   00007ffe29a152aa / 0x00552aa: 4a != df
2878.408c:   00007ffe29a152ab / 0x00552ab: 32 != 33
2878.408c:   00007ffe29a152b0 / 0x00552b0: d0 != 50
2878.408c:   00007ffe29a152b1 / 0x00552b1: 66 != 27
2878.408c:   00007ffe29a152b2 / 0x00552b2: 45 != de
2878.408c:   00007ffe29a152b3 / 0x00552b3: 32 != 33
2878.408c:   00007ffe29a152b8 / 0x00552b8: e0 != 60
2878.408c:   00007ffe29a152b9 / 0x00552b9: 6b != 99
2878.408c:   00007ffe29a152ba / 0x00552ba: 4c != df
2878.408c:   00007ffe29a152bb / 0x00552bb: 32 != 33
2878.408c:   00007ffe29a152c0 / 0x00552c0: d0 != 10
2878.408c:   00007ffe29a152c1 / 0x00552c1: a7 != 56
2878.408c:   00007ffe29a152c2 / 0x00552c2: 4a != df
2878.408c:   00007ffe29a152c3 / 0x00552c3: 32 != 33
2878.408c:   00007ffe29a152d0 / 0x00552d0: 00 != 50
2878.408c:   00007ffe29a152d1 / 0x00552d1: 23 != 47
2878.408c:   00007ffe29a152d2 / 0x00552d2: 47 != df
2878.408c:   00007ffe29a152d3 / 0x00552d3: 32 != 33
2878.408c:   00007ffe29a158a8 / 0x00558a8: 50 != 20
2878.408c:   00007ffe29a158a9 / 0x00558a9: 4d != f1
2878.408c:   00007ffe29a158aa / 0x00558aa: 9d != e9
2878.408c:   00007ffe29a158ab / 0x00558ab: 29 != 34
2878.408c:   00007ffe29a158b0 / 0x00558b0: d0 != 60
2878.408c:   00007ffe29a158b1 / 0x00558b1: 4e != f2
2878.408c:   00007ffe29a158b2 / 0x00558b2: 9d != e9
2878.408c:   00007ffe29a158b3 / 0x00558b3: 29 != 34
2878.408c:   00007ffe29a158b8 / 0x00558b8: 50 != 20
2878.408c:   00007ffe29a158b9 / 0x00558b9: 4d != f1
2878.408c:   00007ffe29a158ba / 0x00558ba: 9d != e9
2878.408c:   00007ffe29a158bb / 0x00558bb: 29 != 34
2878.408c:   00007ffe29a158c0 / 0x00558c0: f0 != 60
2878.408c:   00007ffe29a158c1 / 0x00558c1: 4e != f2
2878.408c:   00007ffe29a158c2 / 0x00558c2: 9d != e9
2878.408c:   00007ffe29a158c3 / 0x00558c3: 29 != 34
2878.408c:   00007ffe29a158c8 / 0x00558c8: f0 != 60
2878.408c:   00007ffe29a158c9 / 0x00558c9: 4e != f2
2878.408c:   00007ffe29a158ca / 0x00558ca: 9d != e9
2878.408c:   00007ffe29a158cb / 0x00558cb: 29 != 34
2878.408c:   Restored 0x2000 bytes of original file content at 00007ffe29a15000
2878.408c: supHardNtVpCheckHandles:
2878.408c: supR3HardenedWinInit: SUPHARDNTVPKIND_SELF_PURIFICATION_LIMITED -> VINF_SUCCESS, cFixes=8
2878.408c: '\Device\HarddiskVolume5\Virtualbox\VirtualBoxVM.exe' has no imports
2878.408c: supHardenedWinVerifyImageByHandle: -> 0 (\Device\HarddiskVolume5\Virtualbox\VirtualBoxVM.exe)
2878.408c: supR3HardNtEnableThreadCreationEx:
2878.408c: supR3HardNtDisableThreadCreation: pvLdrInitThunk=00007ffe34e842f0 pvNtTerminateThread=00007ffe34eb0c20
2878.408c: supR3HardenedWinDoReSpawn(1): New child 38f4.2848 [kernel32].
2878.408c: supR3HardNtChildGatherData: PebBaseAddress=0000006ed7253000 cbPeb=0x388
2878.408c: supR3HardNtPuChFindNtdll: uNtDllParentAddr=00007ffe34e10000 uNtDllChildAddr=00007ffe34e10000
2878.408c: supR3HardenedWinSetupChildInit: uLdrInitThunk=00007ffe34e842f0
2878.408c: supR3HardenedWinSetupChildInit: Initial context:
  rax=0000000000000000 rbx=0000000000000000 rcx=00007ff7233cb790 rdx=0000006ed7253000
  rsi=0000000000000000 rdi=0000000000000000 r8 =0000000000000000 r9 =0000000000000000
  r10=0000000000000000 r11=0000000000000000 r12=0000000000000000 r13=0000000000000000
  r14=0000000000000000 r15=0000000000000000  P1=0000000000000000  P2=0000000000000000
  rip=00007ffe34e6af10 rsp=0000006ed714fb18 rbp=0000000000000000    ctxflags=0010001b
  cs=0033 ss=002b ds=0000 es=0000 fs=0000 gs=0000    eflags=00000200   mxcrx=00001f80
   P3=0000000000000000  P4=0000000000000000  P5=0000000000000000  P6=0000000000000000
  dr0=0000000000000000 dr1=0000000000000000 dr2=0000000000000000 dr3=0000000000000000
  dr6=0000000000000000 dr7=0000000000000000 vcr=0000000000000000 dcr=0000000000000000
  lbt=0000000000000000 lbf=0000000000000000 lxt=0000000000000000 lxf=0000000000000000
2878.408c: supR3HardenedWinSetupChildInit: Start child.
2878.408c: supR3HardNtChildWaitFor: Found expected request 0 (PurifyChildAndCloseHandles) after 0 ms.
2878.408c: supR3HardNtChildPurify: Startup delay kludge #1/0: 260 ms, 16 sleeps
2878.408c: supHardNtVpScanVirtualMemory: enmKind=CHILD_PURIFICATION
2878.408c:  *0000000000000000-000000007ffdffff 0x0001/0x0000 0x0000000
2878.408c:  *000000007ffe0000-000000007ffe0fff 0x0002/0x0002 0x0020000
2878.408c:   000000007ffe1000-000000007ffe9fff 0x0001/0x0000 0x0000000
2878.408c:  *000000007ffea000-000000007ffeafff 0x0002/0x0002 0x0020000
2878.408c:   000000007ffeb000-0000006ed704ffff 0x0001/0x0000 0x0000000
2878.408c:  *0000006ed7050000-0000006ed714afff 0x0000/0x0004 0x0020000
2878.408c:   0000006ed714b000-0000006ed714dfff 0x0104/0x0004 0x0020000
2878.408c:   0000006ed714e000-0000006ed714ffff 0x0004/0x0004 0x0020000
2878.408c:   0000006ed7150000-0000006ed71fffff 0x0001/0x0000 0x0000000
2878.408c:  *0000006ed7200000-0000006ed7252fff 0x0000/0x0004 0x0020000
2878.408c:   0000006ed7253000-0000006ed7255fff 0x0004/0x0004 0x0020000
2878.408c:   0000006ed7256000-0000006ed73fffff 0x0000/0x0004 0x0020000
2878.408c:   0000006ed7400000-0000023161c6ffff 0x0001/0x0000 0x0000000
2878.408c:  *0000023161c70000-0000023161c8ffff 0x0004/0x0004 0x0020000
2878.408c:  *0000023161c90000-0000023161caefff 0x0002/0x0002 0x0040000
2878.408c:   0000023161caf000-0000023161caffff 0x0001/0x0000 0x0000000
2878.408c:  *0000023161cb0000-0000023161cb3fff 0x0002/0x0002 0x0040000
2878.408c:   0000023161cb4000-0000023161cbffff 0x0001/0x0000 0x0000000
2878.408c:  *0000023161cc0000-0000023161cc0fff 0x0002/0x0002 0x0040000
2878.408c:   0000023161cc1000-0000023161ccffff 0x0001/0x0000 0x0000000
2878.408c:  *0000023161cd0000-0000023161cd1fff 0x0004/0x0004 0x0020000
2878.408c:   0000023161cd2000-00007df5a7f9ffff 0x0001/0x0000 0x0000000
2878.408c:  *00007df5a7fa0000-00007df5a7fa0fff 0x0002/0x0002 0x0040000
2878.408c:   00007df5a7fa1000-00007df5a7faffff 0x0001/0x0000 0x0000000
2878.408c:  *00007df5a7fb0000-00007df5a9508fff 0x0000/0x0001 0x0040000
2878.408c:   00007df5a9509000-00007df5a950dfff 0x0001/0x0001 0x0040000
2878.408c:   00007df5a950e000-00007df5a9d9ffff 0x0000/0x0001 0x0040000
2878.408c:   00007df5a9da0000-00007df5a9da0fff 0x0001/0x0001 0x0040000
2878.408c:   00007df5a9da1000-00007ff58487efff 0x0000/0x0001 0x0040000
2878.408c:   00007ff58487f000-00007ff584883fff 0x0002/0x0001 0x0040000
2878.408c:   00007ff584884000-00007ff59dc7efff 0x0000/0x0001 0x0040000
2878.408c:   00007ff59dc7f000-00007ff5a0ce7fff 0x0001/0x0001 0x0040000
2878.408c:   00007ff5a0ce8000-00007ff5a0cf0fff 0x0002/0x0001 0x0040000
2878.408c:   00007ff5a0cf1000-00007ff5a7faffff 0x0000/0x0001 0x0040000
2878.408c:   00007ff5a7fb0000-00007ff7233bffff 0x0001/0x0000 0x0000000
2878.408c:  *00007ff7233c0000-00007ff7233c0fff 0x0002/0x0080 0x1000000  \Device\HarddiskVolume5\Virtualbox\VirtualBoxVM.exe
2878.408c:   00007ff7233c1000-00007ff72342bfff 0x0020/0x0080 0x1000000  \Device\HarddiskVolume5\Virtualbox\VirtualBoxVM.exe
2878.408c:   00007ff72342c000-00007ff72342cfff 0x0080/0x0080 0x1000000  \Device\HarddiskVolume5\Virtualbox\VirtualBoxVM.exe
2878.408c:   00007ff72342d000-00007ff723480fff 0x0002/0x0080 0x1000000  \Device\HarddiskVolume5\Virtualbox\VirtualBoxVM.exe
2878.408c:   00007ff723481000-00007ff723481fff 0x0004/0x0080 0x1000000  \Device\HarddiskVolume5\Virtualbox\VirtualBoxVM.exe
2878.408c:   00007ff723482000-00007ff723482fff 0x0008/0x0080 0x1000000  \Device\HarddiskVolume5\Virtualbox\VirtualBoxVM.exe
2878.408c:   00007ff723483000-00007ff723487fff 0x0004/0x0080 0x1000000  \Device\HarddiskVolume5\Virtualbox\VirtualBoxVM.exe
2878.408c:   00007ff723488000-00007ff72348dfff 0x0008/0x0080 0x1000000  \Device\HarddiskVolume5\Virtualbox\VirtualBoxVM.exe
2878.408c:   00007ff72348e000-00007ff7234c7fff 0x0002/0x0080 0x1000000  \Device\HarddiskVolume5\Virtualbox\VirtualBoxVM.exe
2878.408c:   00007ff7234c8000-00007ffe34e0ffff 0x0001/0x0000 0x0000000
2878.408c:  *00007ffe34e10000-00007ffe34e10fff 0x0002/0x0080 0x1000000  \Device\HarddiskVolume3\Windows\System32\ntdll.dll
2878.408c:   00007ffe34e11000-00007ffe34f41fff 0x0020/0x0080 0x1000000  \Device\HarddiskVolume3\Windows\System32\ntdll.dll
2878.408c:   00007ffe34f42000-00007ffe34f8ffff 0x0002/0x0080 0x1000000  \Device\HarddiskVolume3\Windows\System32\ntdll.dll
2878.408c:   00007ffe34f90000-00007ffe34f9bfff 0x0008/0x0080 0x1000000  \Device\HarddiskVolume3\Windows\System32\ntdll.dll
2878.408c:   00007ffe34f9c000-00007ffe34faafff 0x0002/0x0080 0x1000000  \Device\HarddiskVolume3\Windows\System32\ntdll.dll
2878.408c:   00007ffe34fab000-00007ffe34fabfff 0x0004/0x0080 0x1000000  \Device\HarddiskVolume3\Windows\System32\ntdll.dll
2878.408c:   00007ffe34fac000-00007ffe34faefff 0x0008/0x0080 0x1000000  \Device\HarddiskVolume3\Windows\System32\ntdll.dll
2878.408c:   00007ffe34faf000-00007ffe35026fff 0x0002/0x0080 0x1000000  \Device\HarddiskVolume3\Windows\System32\ntdll.dll
2878.408c:   00007ffe35027000-00007ffffffeffff 0x0001/0x0000 0x0000000
2878.408c: VirtualBoxVM.exe: Differences in section #8 (.rsrc) between file and memory:
2878.408c:   00007ff7234c6b28 / 0x0106b28: 00 != 50
2878.408c:   00007ff7234c6b29 / 0x0106b29: 00 != 41
2878.408c:   00007ff7234c6b2a / 0x0106b2a: 00 != 44
2878.408c:   00007ff7234c6b2b / 0x0106b2b: 00 != 44
2878.408c:   00007ff7234c6b2c / 0x0106b2c: 00 != 49
2878.408c:   00007ff7234c6b2d / 0x0106b2d: 00 != 4e
2878.408c:   00007ff7234c6b2e / 0x0106b2e: 00 != 47
2878.408c:   00007ff7234c6b2f / 0x0106b2f: 00 != 58
2878.408c:   00007ff7234c6b30 / 0x0106b30: 00 != 58
2878.408c:   00007ff7234c6b31 / 0x0106b31: 00 != 50
2878.408c:   00007ff7234c6b32 / 0x0106b32: 00 != 41
2878.408c:   00007ff7234c6b33 / 0x0106b33: 00 != 44
2878.408c:   00007ff7234c6b34 / 0x0106b34: 00 != 44
2878.408c:   00007ff7234c6b35 / 0x0106b35: 00 != 49
2878.408c:   00007ff7234c6b36 / 0x0106b36: 00 != 4e
2878.408c:   00007ff7234c6b37 / 0x0106b37: 00 != 47
2878.408c:   00007ff7234c6b38 / 0x0106b38: 00 != 50
2878.408c:   00007ff7234c6b39 / 0x0106b39: 00 != 41
2878.408c:   00007ff7234c6b3a / 0x0106b3a: 00 != 44
2878.408c:   00007ff7234c6b3b / 0x0106b3b: 00 != 44
2878.408c:   00007ff7234c6b3c / 0x0106b3c: 00 != 49
2878.408c:   00007ff7234c6b3d / 0x0106b3d: 00 != 4e
2878.408c:   00007ff7234c6b3e / 0x0106b3e: 00 != 47
2878.408c:   00007ff7234c6b3f / 0x0106b3f: 00 != 58
2878.408c:   00007ff7234c6b40 / 0x0106b40: 00 != 58
2878.408c:   00007ff7234c6b41 / 0x0106b41: 00 != 50
2878.408c:   00007ff7234c6b42 / 0x0106b42: 00 != 41
2878.408c:   00007ff7234c6b43 / 0x0106b43: 00 != 44
2878.408c:   00007ff7234c6b44 / 0x0106b44: 00 != 44
2878.408c:   00007ff7234c6b45 / 0x0106b45: 00 != 49
2878.408c:   00007ff7234c6b46 / 0x0106b46: 00 != 4e
2878.408c:   00007ff7234c6b47 / 0x0106b47: 00 != 47
2878.408c:   00007ff7234c6b48 / 0x0106b48: 00 != 50
2878.408c:   00007ff7234c6b49 / 0x0106b49: 00 != 41
2878.408c:   00007ff7234c6b4a / 0x0106b4a: 00 != 44
2878.408c:   00007ff7234c6b4b / 0x0106b4b: 00 != 44
2878.408c:   00007ff7234c6b4c / 0x0106b4c: 00 != 49
2878.408c:   00007ff7234c6b4d / 0x0106b4d: 00 != 4e
2878.408c:   00007ff7234c6b4e / 0x0106b4e: 00 != 47
2878.408c:   00007ff7234c6b4f / 0x0106b4f: 00 != 58
2878.408c:   00007ff7234c6b50 / 0x0106b50: 00 != 58
2878.408c:   00007ff7234c6b51 / 0x0106b51: 00 != 50
2878.408c:   00007ff7234c6b52 / 0x0106b52: 00 != 41
2878.408c:   00007ff7234c6b53 / 0x0106b53: 00 != 44
2878.408c:   00007ff7234c6b54 / 0x0106b54: 00 != 44
2878.408c:   00007ff7234c6b55 / 0x0106b55: 00 != 49
2878.408c:   00007ff7234c6b56 / 0x0106b56: 00 != 4e
2878.408c:   00007ff7234c6b57 / 0x0106b57: 00 != 47
2878.408c:   00007ff7234c6b58 / 0x0106b58: 00 != 50
2878.408c:   00007ff7234c6b59 / 0x0106b59: 00 != 41
2878.408c:   00007ff7234c6b5a / 0x0106b5a: 00 != 44
2878.408c:   00007ff7234c6b5b / 0x0106b5b: 00 != 44
2878.408c:   00007ff7234c6b5c / 0x0106b5c: 00 != 49
2878.408c:   00007ff7234c6b5d / 0x0106b5d: 00 != 4e
2878.408c:   00007ff7234c6b5e / 0x0106b5e: 00 != 47
2878.408c:   00007ff7234c6b5f / 0x0106b5f: 00 != 58
2878.408c:   00007ff7234c6b60 / 0x0106b60: 00 != 58
2878.408c:   00007ff7234c6b61 / 0x0106b61: 00 != 50
2878.408c:   00007ff7234c6b62 / 0x0106b62: 00 != 41
2878.408c:   00007ff7234c6b63 / 0x0106b63: 00 != 44
2878.408c:   00007ff7234c6b64 / 0x0106b64: 00 != 44
2878.408c:   00007ff7234c6b65 / 0x0106b65: 00 != 49
2878.408c:   00007ff7234c6b66 / 0x0106b66: 00 != 4e
2878.408c:   00007ff7234c6b67 / 0x0106b67: 00 != 47
2878.408c:   00007ff7234c6b68 / 0x0106b68: 00 != 50
2878.408c:   00007ff7234c6b69 / 0x0106b69: 00 != 41
2878.408c:   00007ff7234c6b6a / 0x0106b6a: 00 != 44
2878.408c:   00007ff7234c6b6b / 0x0106b6b: 00 != 44
2878.408c:   00007ff7234c6b6c / 0x0106b6c: 00 != 49
2878.408c:   00007ff7234c6b6d / 0x0106b6d: 00 != 4e
2878.408c:   00007ff7234c6b6e / 0x0106b6e: 00 != 47
2878.408c:   00007ff7234c6b6f / 0x0106b6f: 00 != 58
2878.408c:   00007ff7234c6b70 / 0x0106b70: 00 != 58
2878.408c:   00007ff7234c6b71 / 0x0106b71: 00 != 50
2878.408c:   00007ff7234c6b72 / 0x0106b72: 00 != 41
2878.408c:   00007ff7234c6b73 / 0x0106b73: 00 != 44
2878.408c:   00007ff7234c6b74 / 0x0106b74: 00 != 44
2878.408c:   00007ff7234c6b75 / 0x0106b75: 00 != 49
2878.408c:   00007ff7234c6b76 / 0x0106b76: 00 != 4e
2878.408c:   00007ff7234c6b77 / 0x0106b77: 00 != 47
2878.408c:   00007ff7234c6b78 / 0x0106b78: 00 != 50
2878.408c:   00007ff7234c6b79 / 0x0106b79: 00 != 41
2878.408c:   00007ff7234c6b7a / 0x0106b7a: 00 != 44
2878.408c:   00007ff7234c6b7b / 0x0106b7b: 00 != 44
2878.408c:   00007ff7234c6b7c / 0x0106b7c: 00 != 49
2878.408c:   00007ff7234c6b7d / 0x0106b7d: 00 != 4e
2878.408c:   00007ff7234c6b7e / 0x0106b7e: 00 != 47
2878.408c:   00007ff7234c6b7f / 0x0106b7f: 00 != 58
2878.408c:   00007ff7234c6b80 / 0x0106b80: 00 != 58
2878.408c:   00007ff7234c6b81 / 0x0106b81: 00 != 50
2878.408c:   00007ff7234c6b82 / 0x0106b82: 00 != 41
2878.408c:   00007ff7234c6b83 / 0x0106b83: 00 != 44
2878.408c:   00007ff7234c6b84 / 0x0106b84: 00 != 44
2878.408c:   00007ff7234c6b85 / 0x0106b85: 00 != 49
2878.408c:   00007ff7234c6b86 / 0x0106b86: 00 != 4e
2878.408c:   00007ff7234c6b87 / 0x0106b87: 00 != 47
2878.408c:   00007ff7234c6b88 / 0x0106b88: 00 != 50
2878.408c:   00007ff7234c6b89 / 0x0106b89: 00 != 41
2878.408c:   00007ff7234c6b8a / 0x0106b8a: 00 != 44
2878.408c:   00007ff7234c6b8b / 0x0106b8b: 00 != 44
2878.408c:   00007ff7234c6b8c / 0x0106b8c: 00 != 49
2878.408c:   00007ff7234c6b8d / 0x0106b8d: 00 != 4e
2878.408c:   00007ff7234c6b8e / 0x0106b8e: 00 != 47
2878.408c:   00007ff7234c6b8f / 0x0106b8f: 00 != 58
2878.408c:   00007ff7234c6b90 / 0x0106b90: 00 != 58
2878.408c:   00007ff7234c6b91 / 0x0106b91: 00 != 50
2878.408c:   00007ff7234c6b92 / 0x0106b92: 00 != 41
2878.408c:   00007ff7234c6b93 / 0x0106b93: 00 != 44
2878.408c:   00007ff7234c6b94 / 0x0106b94: 00 != 44
2878.408c:   00007ff7234c6b95 / 0x0106b95: 00 != 49
2878.408c:   00007ff7234c6b96 / 0x0106b96: 00 != 4e
2878.408c:   00007ff7234c6b97 / 0x0106b97: 00 != 47
2878.408c:   00007ff7234c6b98 / 0x0106b98: 00 != 50
2878.408c:   00007ff7234c6b99 / 0x0106b99: 00 != 41
2878.408c:   00007ff7234c6b9a / 0x0106b9a: 00 != 44
2878.408c:   00007ff7234c6b9b / 0x0106b9b: 00 != 44
2878.408c:   00007ff7234c6b9c / 0x0106b9c: 00 != 49
2878.408c:   00007ff7234c6b9d / 0x0106b9d: 00 != 4e
2878.408c:   00007ff7234c6b9e / 0x0106b9e: 00 != 47
2878.408c:   00007ff7234c6b9f / 0x0106b9f: 00 != 58
2878.408c:   00007ff7234c6ba0 / 0x0106ba0: 00 != 58
2878.408c:   00007ff7234c6ba1 / 0x0106ba1: 00 != 50
2878.408c:   00007ff7234c6ba2 / 0x0106ba2: 00 != 41
2878.408c:   00007ff7234c6ba3 / 0x0106ba3: 00 != 44
2878.408c:   00007ff7234c6ba4 / 0x0106ba4: 00 != 44
2878.408c:   00007ff7234c6ba5 / 0x0106ba5: 00 != 49
2878.408c:   00007ff7234c6ba6 / 0x0106ba6: 00 != 4e
2878.408c:   00007ff7234c6ba7 / 0x0106ba7: 00 != 47
2878.408c:   00007ff7234c6ba8 / 0x0106ba8: 00 != 50
2878.408c:   00007ff7234c6ba9 / 0x0106ba9: 00 != 41
2878.408c:   00007ff7234c6baa / 0x0106baa: 00 != 44
2878.408c:   00007ff7234c6bab / 0x0106bab: 00 != 44
2878.408c:   00007ff7234c6bac / 0x0106bac: 00 != 49
2878.408c:   00007ff7234c6bad / 0x0106bad: 00 != 4e
2878.408c:   00007ff7234c6bae / 0x0106bae: 00 != 47
2878.408c:   00007ff7234c6baf / 0x0106baf: 00 != 58
2878.408c:   00007ff7234c6bb0 / 0x0106bb0: 00 != 58
2878.408c:   00007ff7234c6bb1 / 0x0106bb1: 00 != 50
2878.408c:   00007ff7234c6bb2 / 0x0106bb2: 00 != 41
2878.408c:   00007ff7234c6bb3 / 0x0106bb3: 00 != 44
2878.408c:   00007ff7234c6bb4 / 0x0106bb4: 00 != 44
2878.408c:   00007ff7234c6bb5 / 0x0106bb5: 00 != 49
2878.408c:   00007ff7234c6bb6 / 0x0106bb6: 00 != 4e
2878.408c:   00007ff7234c6bb7 / 0x0106bb7: 00 != 47
2878.408c:   00007ff7234c6bb8 / 0x0106bb8: 00 != 50
2878.408c:   00007ff7234c6bb9 / 0x0106bb9: 00 != 41
2878.408c:   00007ff7234c6bba / 0x0106bba: 00 != 44
2878.408c:   00007ff7234c6bbb / 0x0106bbb: 00 != 44
2878.408c:   00007ff7234c6bbc / 0x0106bbc: 00 != 49
2878.408c:   00007ff7234c6bbd / 0x0106bbd: 00 != 4e
2878.408c:   00007ff7234c6bbe / 0x0106bbe: 00 != 47
2878.408c:   00007ff7234c6bbf / 0x0106bbf: 00 != 58
2878.408c:   00007ff7234c6bc0 / 0x0106bc0: 00 != 58
2878.408c:   00007ff7234c6bc1 / 0x0106bc1: 00 != 50
2878.408c:   00007ff7234c6bc2 / 0x0106bc2: 00 != 41
2878.408c:   00007ff7234c6bc3 / 0x0106bc3: 00 != 44
2878.408c:   00007ff7234c6bc4 / 0x0106bc4: 00 != 44
2878.408c:   00007ff7234c6bc5 / 0x0106bc5: 00 != 49
2878.408c:   00007ff7234c6bc6 / 0x0106bc6: 00 != 4e
2878.408c:   00007ff7234c6bc7 / 0x0106bc7: 00 != 47
2878.408c:   00007ff7234c6bc8 / 0x0106bc8: 00 != 50
2878.408c:   00007ff7234c6bc9 / 0x0106bc9: 00 != 41
2878.408c:   00007ff7234c6bca / 0x0106bca: 00 != 44
2878.408c:   00007ff7234c6bcb / 0x0106bcb: 00 != 44
2878.408c:   00007ff7234c6bcc / 0x0106bcc: 00 != 49
2878.408c:   00007ff7234c6bcd / 0x0106bcd: 00 != 4e
2878.408c:   00007ff7234c6bce / 0x0106bce: 00 != 47
2878.408c:   00007ff7234c6bcf / 0x0106bcf: 00 != 58
2878.408c:   00007ff7234c6bd0 / 0x0106bd0: 00 != 58
2878.408c:   00007ff7234c6bd1 / 0x0106bd1: 00 != 50
2878.408c:   00007ff7234c6bd2 / 0x0106bd2: 00 != 41
2878.408c:   00007ff7234c6bd3 / 0x0106bd3: 00 != 44
2878.408c:   00007ff7234c6bd4 / 0x0106bd4: 00 != 44
2878.408c:   00007ff7234c6bd5 / 0x0106bd5: 00 != 49
2878.408c:   00007ff7234c6bd6 / 0x0106bd6: 00 != 4e
2878.408c:   00007ff7234c6bd7 / 0x0106bd7: 00 != 47
2878.408c:   00007ff7234c6bd8 / 0x0106bd8: 00 != 50
2878.408c:   00007ff7234c6bd9 / 0x0106bd9: 00 != 41
2878.408c:   00007ff7234c6bda / 0x0106bda: 00 != 44
2878.408c:   00007ff7234c6bdb / 0x0106bdb: 00 != 44
2878.408c:   00007ff7234c6bdc / 0x0106bdc: 00 != 49
2878.408c:   00007ff7234c6bdd / 0x0106bdd: 00 != 4e
2878.408c:   00007ff7234c6bde / 0x0106bde: 00 != 47
2878.408c:   00007ff7234c6bdf / 0x0106bdf: 00 != 58
2878.408c:   00007ff7234c6be0 / 0x0106be0: 00 != 58
2878.408c:   00007ff7234c6be1 / 0x0106be1: 00 != 50
2878.408c:   00007ff7234c6be2 / 0x0106be2: 00 != 41
2878.408c:   00007ff7234c6be3 / 0x0106be3: 00 != 44
2878.408c:   00007ff7234c6be4 / 0x0106be4: 00 != 44
2878.408c:   00007ff7234c6be5 / 0x0106be5: 00 != 49
2878.408c:   00007ff7234c6be6 / 0x0106be6: 00 != 4e
2878.408c:   00007ff7234c6be7 / 0x0106be7: 00 != 47
2878.408c:   00007ff7234c6be8 / 0x0106be8: 00 != 50
2878.408c:   00007ff7234c6be9 / 0x0106be9: 00 != 41
2878.408c:   00007ff7234c6bea / 0x0106bea: 00 != 44
2878.408c:   00007ff7234c6beb / 0x0106beb: 00 != 44
2878.408c:   00007ff7234c6bec / 0x0106bec: 00 != 49
2878.408c:   00007ff7234c6bed / 0x0106bed: 00 != 4e
2878.408c:   00007ff7234c6bee / 0x0106bee: 00 != 47
2878.408c:   00007ff7234c6bef / 0x0106bef: 00 != 58
2878.408c:   00007ff7234c6bf0 / 0x0106bf0: 00 != 58
2878.408c:   00007ff7234c6bf1 / 0x0106bf1: 00 != 50
2878.408c:   00007ff7234c6bf2 / 0x0106bf2: 00 != 41
2878.408c:   00007ff7234c6bf3 / 0x0106bf3: 00 != 44
2878.408c:   00007ff7234c6bf4 / 0x0106bf4: 00 != 44
2878.408c:   00007ff7234c6bf5 / 0x0106bf5: 00 != 49
2878.408c:   00007ff7234c6bf6 / 0x0106bf6: 00 != 4e
2878.408c:   00007ff7234c6bf7 / 0x0106bf7: 00 != 47
2878.408c:   00007ff7234c6bf8 / 0x0106bf8: 00 != 50
2878.408c:   00007ff7234c6bf9 / 0x0106bf9: 00 != 41
2878.408c:   00007ff7234c6bfa / 0x0106bfa: 00 != 44
2878.408c:   00007ff7234c6bfb / 0x0106bfb: 00 != 44
2878.408c:   00007ff7234c6bfc / 0x0106bfc: 00 != 49
2878.408c:   00007ff7234c6bfd / 0x0106bfd: 00 != 4e
2878.408c:   00007ff7234c6bfe / 0x0106bfe: 00 != 47
2878.408c:   00007ff7234c6bff / 0x0106bff: 00 != 58
2878.408c:   Restored 0x4d8 bytes of original file content at 00007ff7234c6b28
2878.408c: supR3HardNtChildPurify: cFixes=1 g_fSupAdversaries=0x80000000
2878.408c: supR3HardNtChildPurify: Startup delay kludge #1/1: 515 ms, 32 sleeps
2878.408c: supHardNtVpScanVirtualMemory: enmKind=CHILD_PURIFICATION
2878.408c:  *0000000000000000-000000007ffdffff 0x0001/0x0000 0x0000000
2878.408c:  *000000007ffe0000-000000007ffe0fff 0x0002/0x0002 0x0020000
2878.408c:   000000007ffe1000-000000007ffe9fff 0x0001/0x0000 0x0000000
2878.408c:  *000000007ffea000-000000007ffeafff 0x0002/0x0002 0x0020000
2878.408c:   000000007ffeb000-0000006ed704ffff 0x0001/0x0000 0x0000000
2878.408c:  *0000006ed7050000-0000006ed714afff 0x0000/0x0004 0x0020000
2878.408c:   0000006ed714b000-0000006ed714dfff 0x0104/0x0004 0x0020000
2878.408c:   0000006ed714e000-0000006ed714ffff 0x0004/0x0004 0x0020000
2878.408c:   0000006ed7150000-0000006ed71fffff 0x0001/0x0000 0x0000000
2878.408c:  *0000006ed7200000-0000006ed7252fff 0x0000/0x0004 0x0020000
2878.408c:   0000006ed7253000-0000006ed7255fff 0x0004/0x0004 0x0020000
2878.408c:   0000006ed7256000-0000006ed73fffff 0x0000/0x0004 0x0020000
2878.408c:   0000006ed7400000-0000023161c6ffff 0x0001/0x0000 0x0000000
2878.408c:  *0000023161c70000-0000023161c8ffff 0x0004/0x0004 0x0020000
2878.408c:  *0000023161c90000-0000023161caefff 0x0002/0x0002 0x0040000
2878.408c:   0000023161caf000-0000023161caffff 0x0001/0x0000 0x0000000
2878.408c:  *0000023161cb0000-0000023161cb3fff 0x0002/0x0002 0x0040000
2878.408c:   0000023161cb4000-0000023161cbffff 0x0001/0x0000 0x0000000
2878.408c:  *0000023161cc0000-0000023161cc0fff 0x0002/0x0002 0x0040000
2878.408c:   0000023161cc1000-0000023161ccffff 0x0001/0x0000 0x0000000
2878.408c:  *0000023161cd0000-0000023161cd1fff 0x0004/0x0004 0x0020000
2878.408c:   0000023161cd2000-00007df5a7f9ffff 0x0001/0x0000 0x0000000
2878.408c:  *00007df5a7fa0000-00007df5a7fa0fff 0x0002/0x0002 0x0040000
2878.408c:   00007df5a7fa1000-00007df5a7faffff 0x0001/0x0000 0x0000000
2878.408c:  *00007df5a7fb0000-00007df5a9508fff 0x0000/0x0001 0x0040000
2878.408c:   00007df5a9509000-00007df5a950dfff 0x0001/0x0001 0x0040000
2878.408c:   00007df5a950e000-00007df5a9d9ffff 0x0000/0x0001 0x0040000
2878.408c:   00007df5a9da0000-00007df5a9da0fff 0x0001/0x0001 0x0040000
2878.408c:   00007df5a9da1000-00007ff58487efff 0x0000/0x0001 0x0040000
2878.408c:   00007ff58487f000-00007ff584883fff 0x0002/0x0001 0x0040000
2878.408c:   00007ff584884000-00007ff59dc7efff 0x0000/0x0001 0x0040000
2878.408c:   00007ff59dc7f000-00007ff5a0ce7fff 0x0001/0x0001 0x0040000
2878.408c:   00007ff5a0ce8000-00007ff5a0cf0fff 0x0002/0x0001 0x0040000
2878.408c:   00007ff5a0cf1000-00007ff5a7faffff 0x0000/0x0001 0x0040000
2878.408c:   00007ff5a7fb0000-00007ff7233bffff 0x0001/0x0000 0x0000000
2878.408c:  *00007ff7233c0000-00007ff7233c0fff 0x0002/0x0080 0x1000000  \Device\HarddiskVolume5\Virtualbox\VirtualBoxVM.exe
2878.408c:   00007ff7233c1000-00007ff72342bfff 0x0020/0x0080 0x1000000  \Device\HarddiskVolume5\Virtualbox\VirtualBoxVM.exe
2878.408c:   00007ff72342c000-00007ff72342cfff 0x0040/0x0080 0x1000000  \Device\HarddiskVolume5\Virtualbox\VirtualBoxVM.exe
2878.408c:   00007ff72342d000-00007ff723480fff 0x0002/0x0080 0x1000000  \Device\HarddiskVolume5\Virtualbox\VirtualBoxVM.exe
2878.408c:   00007ff723481000-00007ff72348dfff 0x0004/0x0080 0x1000000  \Device\HarddiskVolume5\Virtualbox\VirtualBoxVM.exe
2878.408c:   00007ff72348e000-00007ff7234c7fff 0x0002/0x0080 0x1000000  \Device\HarddiskVolume5\Virtualbox\VirtualBoxVM.exe
2878.408c:   00007ff7234c8000-00007ffe34e0ffff 0x0001/0x0000 0x0000000
2878.408c:  *00007ffe34e10000-00007ffe34e10fff 0x0002/0x0080 0x1000000  \Device\HarddiskVolume3\Windows\System32\ntdll.dll
2878.408c:   00007ffe34e11000-00007ffe34f41fff 0x0020/0x0080 0x1000000  \Device\HarddiskVolume3\Windows\System32\ntdll.dll
2878.408c:   00007ffe34f42000-00007ffe34f8ffff 0x0002/0x0080 0x1000000  \Device\HarddiskVolume3\Windows\System32\ntdll.dll
2878.408c:   00007ffe34f90000-00007ffe34f93fff 0x0008/0x0080 0x1000000  \Device\HarddiskVolume3\Windows\System32\ntdll.dll
2878.408c:   00007ffe34f94000-00007ffe34f9bfff 0x0004/0x0080 0x1000000  \Device\HarddiskVolume3\Windows\System32\ntdll.dll
2878.408c:   00007ffe34f9c000-00007ffe34faafff 0x0002/0x0080 0x1000000  \Device\HarddiskVolume3\Windows\System32\ntdll.dll
2878.408c:   00007ffe34fab000-00007ffe34fabfff 0x0004/0x0080 0x1000000  \Device\HarddiskVolume3\Windows\System32\ntdll.dll
2878.408c:   00007ffe34fac000-00007ffe34faefff 0x0008/0x0080 0x1000000  \Device\HarddiskVolume3\Windows\System32\ntdll.dll
2878.408c:   00007ffe34faf000-00007ffe35026fff 0x0002/0x0080 0x1000000  \Device\HarddiskVolume3\Windows\System32\ntdll.dll
2878.408c:   00007ffe35027000-00007ffffffeffff 0x0001/0x0000 0x0000000
2878.408c: supR3HardNtChildPurify: Done after 778 ms and 1 fixes (loop #1).
38f4.2848: supR3HardenedVmProcessInit: uNtDllAddr=00007ffe34e10000 g_uNtVerCombined=0xa0586700 (stack ~0000006ed714e8e0)
38f4.2848: ntdll.dll: timestamp 0x7b2ab261 (rc=VINF_SUCCESS)
38f4.2848: New simple heap: #1 0000023161de0000 LB 0x800000 (for 2191360 allocation)
2878.408c: supR3HardNtEnableThreadCreationEx:
38f4.2848: supR3HardenedWinInitAppBin(0x0): '\Device\HarddiskVolume5\Virtualbox'
38f4.2848: System32:  \Device\HarddiskVolume3\Windows\System32
38f4.2848: WinSxS:    \Device\HarddiskVolume3\Windows\WinSxS
38f4.2848: KnownDllPath: C:\WINDOWS\System32
38f4.2848: supR3HardenedVmProcessInit: Opening vboxsup stub...
38f4.2848: Error opening VBoxDrvStub:  STATUS_OBJECT_NAME_NOT_FOUND
38f4.2848: supR3HardenedWinReadErrorInfoDevice: NtCreateFile -> 0xc0000034
38f4.2848: Error -101 in supR3HardenedWinReSpawn! (enmWhat=3)
38f4.2848: NtCreateFile(\Device\VBoxDrvStub) failed: 0xc0000034 STATUS_OBJECT_NAME_NOT_FOUND (0 retries)

Driver is probably stuck stopping/starting. Try 'sc.exe query vboxsup' to get more information about its state. Rebooting may actually help.
2878.408c: supR3HardenedWinCheckChild: enmRequest=2 rc=-101 enmWhat=3 supR3HardenedWinReSpawn: NtCreateFile(\Device\VBoxDrvStub) failed: 0xc0000034 STATUS_OBJECT_NAME_NOT_FOUND (0 retries)

Driver is probably stuck stopping/starting. Try 'sc.exe query vboxsup' to get more information about its state. Rebooting may actually help.
38f4.2848: KiUserExceptionDispatcher: 0xc0000005 (0000000000000001, 0000000000000024) @ 00007ffe34e43fba (flags=0x0)
  rax=0000000000000000 rbx=0000000000000000 rcx=00007ffe34f96320 rdx=00000000fffffffa
  rsi=00007ff723442200 rdi=00007ffe34f96320 r8 =0000000000000000 r9 =0000000000000000
  r10=0000000000000000 r11=000000007ffe0300 r12=00007ffe34f96328 r13=0000000000000000
  r14=00007ffe34f95f60 r15=00000000fffffffa  P1=0000006ed7149e30  P2=00007ff7234422f0
  rip=00007ffe34e43fba rsp=0000006ed714a460 rbp=0000006ed714a509    ctxflags=0010005f
  cs=0033 ss=002b ds=002b es=002b fs=0053 gs=002b    eflags=00010213   mxcrx=00001f80
   P3=00000000ffffffff  P4=0000000000002000  P5=0000000000000000  P6=0000000000000000
  dr0=0000000000000000 dr1=0000000000000000 dr2=0000000000000000 dr3=0000000000000000
  dr6=0000000000000000 dr7=0000000000000000 vcr=0000000000000000 dcr=0000000000000000
  lbt=0000000000000000 lbf=0000000000000000 lxt=0000000000000000 lxf=0000000000000000
2878.408c: Error -101 in supR3HardenedWinReSpawn! (enmWhat=3)
2878.408c: NtCreateFile(\Device\VBoxDrvStub) failed: 0xc0000034 STATUS_OBJECT_NAME_NOT_FOUND (0 retries)

Driver is probably stuck stopping/starting. Try 'sc.exe query vboxsup' to get more information about its state. Rebooting may actually help.
